<WhaleEngine> Whale engine starting.
<WhaleEngine> Window loaded.
<WhaleEngine> Whale engine started.
<WhaleEngine> Renderer 2d loaded.
<WhaleEngine> InputSystem loaded.
<WhaleEngine> Whale engine starting.
<WhaleEngine> Whale engine started
<WhaleEngine> Whale engine starting.
<WhaleEngine> Window loaded.
<WhaleEngine> Whale engine started.
<WhaleEngine> Renderer 2d loaded.
<WhaleEngine> InputSystem loaded.
<WhaleEngine> Whale engine starting.
<WhaleEngine> Whale engine started
<WhaleEngine> App closed.
<WhaleEngine> Whale engine starting.
<WhaleEngine> Window loaded.
<WhaleEngine> Whale engine started.
<WhaleEngine> Renderer 2d loaded.
<WhaleEngine> InputSystem loaded.
<WhaleEngine> Whale engine starting.
<WhaleEngine> Whale engine started
<WhaleEngine> App closed.
<WhaleEngine> Whale engine starting.
<WhaleEngine> Window loaded.
<WhaleEngine> Whale engine started.
<WhaleEngine> Renderer 2d loaded.
<WhaleEngine> InputSystem loaded.
<WhaleEngine> Whale engine starting.
<WhaleEngine> Whale engine started
<WhaleEngine> App closed.
<WhaleEngine> Whale engine starting.
<WhaleEngine> Window loaded.
<WhaleEngine> Whale engine started.
<WhaleEngine> Renderer 2d loaded.
<WhaleEngine> InputSystem loaded.
<WhaleEngine> Whale engine starting.
<WhaleEngine> Whale engine started
<WhaleEngine> App closed.
<WhaleEngine> Whale engine starting.
<WhaleEngine> Window loaded.
<WhaleEngine> Whale engine started.
<WhaleEngine> Renderer 2d loaded.
<WhaleEngine> InputSystem loaded.
<WhaleEngine> Whale engine starting.
<WhaleEngine> Whale engine started
<WhaleEngine> App closed.
